\BOOKMARK [1][]{section.1}{\376\377\000I\000n\000t\000r\000o\000d\000u\000c\000t\000i\000o\000n}{}% 1
\BOOKMARK [1][]{section.2}{\376\377\000R\000e\000l\000a\000t\000e\000d\000\040\000W\000o\000r\000k\000\040\000\046\000\040\000T\000h\000e\000o\000r\000e\000t\000i\000c\000a\000l\000\040\000B\000a\000c\000k\000g\000r\000o\000u\000n\000d}{}% 2
\BOOKMARK [2][]{subsection.2.1}{\376\377\000F\000i\000n\000a\000n\000c\000i\000a\000l\000\040\000F\000o\000r\000e\000c\000a\000s\000t\000i\000n\000g\000\040\000\046\000\040\000N\000e\000u\000r\000a\000l\000\040\000A\000r\000c\000h\000i\000t\000e\000c\000t\000u\000r\000e\000s}{section.2}% 3
\BOOKMARK [2][]{subsection.2.2}{\376\377\000M\000e\000t\000a\000h\000e\000u\000r\000i\000s\000t\000i\000c\000\040\000T\000u\000n\000i\000n\000g\000\040\000\046\000\040\000T\000h\000e\000\040\000B\000u\000d\000g\000e\000t\000\040\000I\000n\000e\000q\000u\000a\000l\000i\000t\000y\000\040\000H\000y\000p\000o\000t\000h\000e\000s\000i\000s}{section.2}% 4
\BOOKMARK [2][]{subsection.2.3}{\376\377\000V\000a\000l\000i\000d\000a\000t\000i\000o\000n\000\040\000P\000r\000o\000t\000o\000c\000o\000l\000s\000\040\000\046\000\040\000T\000h\000e\000\040\000T\000e\000m\000p\000o\000r\000a\000l\000\040\000D\000a\000t\000a\000\040\000L\000e\000a\000k\000a\000g\000e\000\040\000H\000y\000p\000o\000t\000h\000e\000s\000i\000s}{section.2}% 5
\BOOKMARK [2][]{subsection.2.4}{\376\377\000E\000v\000a\000l\000u\000a\000t\000i\000o\000n\000\040\000O\000b\000j\000e\000c\000t\000i\000v\000e\000s\000\040\000\046\000\040\000T\000h\000e\000\040\000C\000l\000a\000s\000s\000i\000f\000i\000c\000a\000t\000i\000o\000n\000-\000E\000c\000o\000n\000o\000m\000i\000c\000\040\000D\000i\000s\000c\000o\000n\000n\000e\000c\000t\000\040\000H\000y\000p\000o\000t\000h\000e\000s\000i\000s}{section.2}% 6
\BOOKMARK [1][]{section.3}{\376\377\000D\000a\000t\000a\000\040\000S\000p\000e\000c\000i\000f\000i\000c\000a\000t\000i\000o\000n\000\040\000\046\000\040\000E\000x\000p\000e\000r\000i\000m\000e\000n\000t\000a\000l\000\040\000P\000r\000o\000t\000o\000c\000o\000l}{}% 7
\BOOKMARK [2][]{subsection.3.1}{\376\377\000I\000n\000t\000r\000a\000d\000a\000y\000\040\000M\000i\000n\000i\000-\000I\000n\000d\000e\000x\000\040\000F\000u\000t\000u\000r\000e\000s\000\040\000D\000a\000t\000a\000s\000e\000t}{section.3}% 8
\BOOKMARK [2][]{subsection.3.2}{\376\377\000I\000n\000f\000o\000r\000m\000a\000t\000i\000o\000n\000\040\000G\000a\000i\000n\000\040\000F\000e\000a\000t\000u\000r\000e\000\040\000S\000e\000l\000e\000c\000t\000i\000o\000n}{section.3}% 9
\BOOKMARK [2][]{subsection.3.3}{\376\377\000S\000e\000q\000u\000e\000n\000t\000i\000a\000l\000\040\000T\000e\000m\000p\000o\000r\000a\000l\000\040\000V\000a\000l\000i\000d\000a\000t\000i\000o\000n\000\040\000P\000r\000o\000t\000o\000c\000o\000l}{section.3}% 10
\BOOKMARK [1][]{section.4}{\376\377\000P\000r\000o\000p\000o\000s\000e\000d\000\040\000O\000p\000t\000i\000m\000i\000z\000e\000r\000\040\000B\000e\000n\000c\000h\000m\000a\000r\000k\000\040\000F\000r\000a\000m\000e\000w\000o\000r\000k}{}% 11
\BOOKMARK [2][]{subsection.4.1}{\376\377\000M\000u\000l\000t\000i\000l\000a\000y\000e\000r\000\040\000P\000e\000r\000c\000e\000p\000t\000r\000o\000n\000\040\000S\000e\000a\000r\000c\000h\000\040\000S\000p\000a\000c\000e\000\040\000F\000o\000r\000m\000u\000l\000a\000t\000i\000o\000n}{section.4}% 12
\BOOKMARK [2][]{subsection.4.2}{\376\377\000C\000o\000m\000p\000o\000u\000n\000d\000\040\000M\000C\000C\000-\000D\000r\000i\000v\000e\000n\000\040\000F\000i\000t\000n\000e\000s\000s\000\040\000F\000o\000r\000m\000u\000l\000a\000t\000i\000o\000n}{section.4}% 13
\BOOKMARK [2][]{subsection.4.3}{\376\377\000E\000q\000u\000a\000l\000\040\000E\000v\000a\000l\000u\000a\000t\000i\000o\000n\000\040\000B\000u\000d\000g\000e\000t\000\040\000P\000r\000o\000t\000o\000c\000o\000l}{section.4}% 14
\BOOKMARK [2][]{subsection.4.4}{\376\377\000M\000a\000t\000h\000e\000m\000a\000t\000i\000c\000a\000l\000\040\000F\000o\000r\000m\000u\000l\000a\000t\000i\000o\000n\000s\000\040\000o\000f\000\040\000E\000v\000a\000l\000u\000a\000t\000e\000d\000\040\000O\000p\000t\000i\000m\000i\000z\000e\000r\000s}{section.4}% 15
\BOOKMARK [3][]{subsubsection.4.4.1}{\376\377\000R\000a\000n\000d\000o\000m\000\040\000S\000e\000a\000r\000c\000h\000\040\000\050\000R\000S\000\051}{subsection.4.4}% 16
\BOOKMARK [3][]{subsubsection.4.4.2}{\376\377\000G\000e\000n\000e\000t\000i\000c\000\040\000A\000l\000g\000o\000r\000i\000t\000h\000m\000\040\000\050\000G\000A\000\051}{subsection.4.4}% 17
\BOOKMARK [3][]{subsubsection.4.4.3}{\376\377\000P\000a\000r\000t\000i\000c\000l\000e\000\040\000S\000w\000a\000r\000m\000\040\000O\000p\000t\000i\000m\000i\000z\000a\000t\000i\000o\000n\000\040\000\050\000P\000S\000O\000\051}{subsection.4.4}% 18
\BOOKMARK [3][]{subsubsection.4.4.4}{\376\377\000D\000i\000f\000f\000e\000r\000e\000n\000t\000i\000a\000l\000\040\000E\000v\000o\000l\000u\000t\000i\000o\000n\000\040\000\050\000D\000E\000\051}{subsection.4.4}% 19
\BOOKMARK [3][]{subsubsection.4.4.5}{\376\377\000G\000r\000e\000y\000\040\000W\000o\000l\000f\000\040\000O\000p\000t\000i\000m\000i\000z\000e\000r\000\040\000\050\000G\000W\000O\000\051}{subsection.4.4}% 20
\BOOKMARK [2][]{subsection.4.5}{\376\377\000S\000t\000a\000t\000i\000s\000t\000i\000c\000a\000l\000\040\000H\000y\000p\000o\000t\000h\000e\000s\000i\000s\000\040\000T\000e\000s\000t\000i\000n\000g\000\040\000P\000r\000o\000t\000o\000c\000o\000l}{section.4}% 21
\BOOKMARK [2][]{subsection.4.6}{\376\377\000F\000i\000n\000a\000n\000c\000i\000a\000l\000\040\000B\000a\000c\000k\000t\000e\000s\000t\000\040\000S\000i\000m\000u\000l\000a\000t\000o\000r\000\040\000\046\000\040\000C\000o\000s\000t\000\040\000S\000e\000n\000s\000i\000t\000i\000v\000i\000t\000y}{section.4}% 22
\BOOKMARK [1][]{section.5}{\376\377\000E\000x\000p\000e\000r\000i\000m\000e\000n\000t\000a\000l\000\040\000R\000e\000s\000u\000l\000t\000s\000\040\000\046\000\040\000P\000e\000r\000f\000o\000r\000m\000a\000n\000c\000e\000\040\000B\000e\000n\000c\000h\000m\000a\000r\000k}{}% 23
\BOOKMARK [2][]{subsection.5.1}{\376\377\000O\000u\000t\000-\000o\000f\000-\000S\000a\000m\000p\000l\000e\000\040\000P\000r\000e\000d\000i\000c\000t\000i\000v\000e\000\040\000C\000l\000a\000s\000s\000i\000f\000i\000c\000a\000t\000i\000o\000n\000\040\000P\000e\000r\000f\000o\000r\000m\000a\000n\000c\000e}{section.5}% 24
\BOOKMARK [2][]{subsection.5.2}{\376\377\000C\000o\000n\000v\000e\000r\000g\000e\000n\000c\000e\000\040\000D\000y\000n\000a\000m\000i\000c\000s\000\040\000\046\000\040\000F\000i\000t\000n\000e\000s\000s\000\040\000T\000r\000a\000j\000e\000c\000t\000o\000r\000i\000e\000s}{section.5}% 25
\BOOKMARK [2][]{subsection.5.3}{\376\377\000C\000o\000m\000p\000u\000t\000a\000t\000i\000o\000n\000a\000l\000\040\000E\000x\000e\000c\000u\000t\000i\000o\000n\000\040\000O\000v\000e\000r\000h\000e\000a\000d}{section.5}% 26
\BOOKMARK [2][]{subsection.5.4}{\376\377\000N\000o\000n\000-\000P\000a\000r\000a\000m\000e\000t\000r\000i\000c\000\040\000S\000t\000a\000t\000i\000s\000t\000i\000c\000a\000l\000\040\000H\000y\000p\000o\000t\000h\000e\000s\000i\000s\000\040\000T\000e\000s\000t\000i\000n\000g\000\040\000\046\000\040\000N\000u\000l\000l\000\040\000F\000i\000n\000d\000i\000n\000g\000s}{section.5}% 27
\BOOKMARK [2][]{subsection.5.5}{\376\377\000O\000u\000t\000-\000o\000f\000-\000S\000a\000m\000p\000l\000e\000\040\000F\000i\000n\000a\000n\000c\000i\000a\000l\000\040\000B\000a\000c\000k\000t\000e\000s\000t\000i\000n\000g\000\040\000\046\000\040\000C\000o\000s\000t\000\040\000S\000e\000n\000s\000i\000t\000i\000v\000i\000t\000y}{section.5}% 28
\BOOKMARK [1][]{section.6}{\376\377\000D\000i\000s\000c\000u\000s\000s\000i\000o\000n\000\040\000\046\000\040\000P\000r\000a\000c\000t\000i\000c\000a\000l\000\040\000I\000m\000p\000l\000i\000c\000a\000t\000i\000o\000n\000s}{}% 29
\BOOKMARK [2][]{subsection.6.1}{\376\377\000E\000m\000e\000r\000g\000e\000n\000c\000e\000\040\000o\000f\000\040\000P\000e\000r\000f\000o\000r\000m\000a\000n\000c\000e\000\040\000D\000i\000s\000p\000a\000r\000i\000t\000i\000e\000s}{section.6}% 30
\BOOKMARK [2][]{subsection.6.2}{\376\377\000U\000n\000d\000e\000r\000l\000y\000i\000n\000g\000\040\000O\000p\000t\000i\000m\000i\000z\000a\000t\000i\000o\000n\000\040\000S\000e\000a\000r\000c\000h\000\040\000M\000e\000c\000h\000a\000n\000i\000c\000s}{section.6}% 31
\BOOKMARK [2][]{subsection.6.3}{\376\377\000P\000r\000a\000c\000t\000i\000c\000a\000l\000\040\000M\000e\000a\000n\000i\000n\000g\000f\000u\000l\000n\000e\000s\000s\000\040\000o\000f\000\040\000S\000t\000a\000t\000i\000s\000t\000i\000c\000a\000l\000\040\000O\000u\000t\000c\000o\000m\000e\000s}{section.6}% 32
\BOOKMARK [2][]{subsection.6.4}{\376\377\000P\000r\000a\000c\000t\000i\000c\000a\000l\000\040\000I\000m\000p\000l\000i\000c\000a\000t\000i\000o\000n\000s\000\040\000f\000o\000r\000\040\000Q\000u\000a\000n\000t\000i\000t\000a\000t\000i\000v\000e\000\040\000T\000r\000a\000d\000i\000n\000g\000\040\000S\000y\000s\000t\000e\000m\000s}{section.6}% 33
\BOOKMARK [2][]{subsection.6.5}{\376\377\000M\000e\000t\000h\000o\000d\000o\000l\000o\000g\000i\000c\000a\000l\000\040\000B\000o\000u\000n\000d\000a\000r\000i\000e\000s\000\040\000\046\000\040\000L\000i\000m\000i\000t\000a\000t\000i\000o\000n\000s}{section.6}% 34
\BOOKMARK [2][]{subsection.6.6}{\376\377\000F\000u\000t\000u\000r\000e\000\040\000R\000e\000s\000e\000a\000r\000c\000h\000\040\000D\000i\000r\000e\000c\000t\000i\000o\000n\000s}{section.6}% 35
\BOOKMARK [1][]{section.7}{\376\377\000C\000o\000n\000c\000l\000u\000s\000i\000o\000n\000\040\000\046\000\040\000F\000u\000t\000u\000r\000e\000\040\000W\000o\000r\000k}{}% 36
\BOOKMARK [2][]{section*.16}{\376\377\000F\000u\000n\000d\000i\000n\000g}{section.7}% 37
\BOOKMARK [3][]{section*.17}{\376\377\000C\000o\000n\000f\000l\000i\000c\000t\000\040\000o\000f\000\040\000i\000n\000t\000e\000r\000e\000s\000t}{section*.16}% 38
\BOOKMARK [4][]{section*.18}{\376\377\000E\000t\000h\000i\000c\000a\000l\000\040\000a\000p\000p\000r\000o\000v\000a\000l}{section*.17}% 39
\BOOKMARK [4][]{section*.19}{\376\377\000D\000a\000t\000a\000\040\000a\000n\000d\000\040\000c\000o\000d\000e\000\040\000a\000v\000a\000i\000l\000a\000b\000i\000l\000i\000t\000y}{section*.17}% 40
