\BOOKMARK [1][]{section*.2}{\376\377\000I\000n\000t\000r\000o\000d\000u\000c\000t\000i\000o\000n}{}% 1
\BOOKMARK [1][]{section*.6}{\376\377\000R\000e\000l\000a\000t\000e\000d\000\040\000W\000o\000r\000k\000\040\000a\000n\000d\000\040\000L\000i\000t\000e\000r\000a\000t\000u\000r\000e\000\040\000P\000o\000s\000i\000t\000i\000o\000n\000i\000n\000g}{}% 2
\BOOKMARK [2][]{subsection*.7}{\376\377\000S\000e\000a\000r\000c\000h\000\040\000S\000c\000o\000p\000e\000\040\000a\000n\000d\000\040\000R\000e\000s\000e\000a\000r\000c\000h\000\040\000Q\000u\000e\000s\000t\000i\000o\000n\000s}{section*.6}% 3
\BOOKMARK [2][]{subsection*.11}{\376\377\000C\000l\000a\000s\000s\000i\000f\000i\000e\000r\000\040\000B\000a\000c\000k\000b\000o\000n\000e\000s\000\040\000a\000n\000d\000\040\000I\000n\000p\000u\000t\000\040\000R\000e\000p\000r\000e\000s\000e\000n\000t\000a\000t\000i\000o\000n\000s}{section*.6}% 4
\BOOKMARK [2][]{subsection*.12}{\376\377\000M\000e\000t\000a\000h\000e\000u\000r\000i\000s\000t\000i\000c\000\040\000O\000p\000t\000i\000m\000i\000z\000a\000t\000i\000o\000n\000\040\000P\000a\000r\000a\000d\000i\000g\000m\000s}{section*.6}% 5
\BOOKMARK [2][]{subsection*.19}{\376\377\000C\000o\000m\000p\000a\000r\000a\000t\000i\000v\000e\000\040\000S\000y\000n\000t\000h\000e\000s\000i\000s\000\040\000o\000f\000\040\000R\000e\000p\000r\000e\000s\000e\000n\000t\000a\000t\000i\000v\000e\000\040\000S\000t\000u\000d\000i\000e\000s}{section*.6}% 6
\BOOKMARK [2][]{subsection*.27}{\376\377\000R\000e\000s\000e\000a\000r\000c\000h\000\040\000P\000o\000s\000i\000t\000i\000o\000n\000i\000n\000g\000\040\000a\000n\000d\000\040\000S\000t\000u\000d\000y\000\040\000C\000o\000n\000t\000r\000i\000b\000u\000t\000i\000o\000n}{section*.6}% 7
\BOOKMARK [1][]{section*.28}{\376\377\000M\000a\000t\000e\000r\000i\000a\000l\000s\000\040\000a\000n\000d\000\040\000M\000e\000t\000h\000o\000d\000s}{}% 8
\BOOKMARK [2][]{subsection*.31}{\376\377\000I\000n\000p\000u\000t\000\040\000D\000a\000t\000a}{section*.28}% 9
\BOOKMARK [2][]{subsection*.32}{\376\377\000G\000e\000n\000e\000r\000a\000t\000i\000o\000n\000\040\000o\000f\000\040\000T\000e\000c\000h\000n\000i\000c\000a\000l\000\040\000A\000n\000a\000l\000y\000s\000i\000s\000\040\000I\000n\000d\000i\000c\000a\000t\000o\000r\000s}{section*.28}% 10
\BOOKMARK [2][]{subsection*.35}{\376\377\000F\000e\000a\000t\000u\000r\000e\000\040\000S\000e\000l\000e\000c\000t\000i\000o\000n\000\040\000M\000e\000t\000h\000o\000d}{section*.28}% 11
\BOOKMARK [2][]{subsection*.36}{\376\377\000I\000m\000p\000l\000e\000m\000e\000n\000t\000e\000d\000\040\000C\000l\000a\000s\000s\000i\000f\000i\000e\000r\000\040\000A\000r\000c\000h\000i\000t\000e\000c\000t\000u\000r\000e\000s\000\040\000a\000n\000d\000\040\000S\000e\000a\000r\000c\000h\000\040\000S\000p\000a\000c\000e\000s}{section*.28}% 12
\BOOKMARK [2][]{subsection*.39}{\376\377\000O\000p\000t\000i\000m\000i\000z\000e\000r\000\040\000C\000o\000n\000f\000i\000g\000u\000r\000a\000t\000i\000o\000n\000,\000\040\000S\000e\000a\000r\000c\000h\000\040\000O\000p\000e\000r\000a\000t\000o\000r\000s\000,\000\040\000a\000n\000d\000\040\000V\000a\000l\000i\000d\000a\000t\000i\000o\000n\000\040\000O\000b\000j\000e\000c\000t\000i\000v\000e\000s}{section*.28}% 13
\BOOKMARK [3][]{subsubsection*.48}{\376\377\000A\000s\000y\000m\000p\000t\000o\000t\000i\000c\000\040\000s\000e\000a\000r\000c\000h\000\040\000o\000v\000e\000r\000h\000e\000a\000d}{subsection*.39}% 14
\BOOKMARK [3][]{subsubsection*.49}{\376\377\000E\000m\000p\000i\000r\000i\000c\000a\000l\000\040\000s\000e\000a\000r\000c\000h\000\040\000e\000f\000f\000o\000r\000t}{subsection*.39}% 15
\BOOKMARK [2][]{subsection*.50}{\376\377\000S\000t\000a\000t\000i\000s\000t\000i\000c\000a\000l\000\040\000A\000n\000a\000l\000y\000s\000i\000s}{section*.28}% 16
\BOOKMARK [1][]{section*.51}{\376\377\000R\000e\000s\000u\000l\000t\000s}{}% 17
\BOOKMARK [2][]{subsection*.52}{\376\377\000R\000e\000f\000e\000r\000e\000n\000c\000e\000\040\000B\000a\000s\000e\000l\000i\000n\000e\000s}{section*.51}% 18
\BOOKMARK [2][]{subsection*.55}{\376\377\000R\000e\000p\000r\000e\000s\000e\000n\000t\000a\000t\000i\000v\000e\000\040\000S\000e\000a\000r\000c\000h\000\040\000C\000o\000n\000f\000i\000g\000u\000r\000a\000t\000i\000o\000n\000s}{section*.51}% 19
\BOOKMARK [3][]{subsubsection*.58}{\376\377\000R\000a\000n\000d\000o\000m\000\040\000F\000o\000r\000e\000s\000t}{subsection*.55}% 20
\BOOKMARK [3][]{subsubsection*.59}{\376\377\000S\000u\000p\000p\000o\000r\000t\000\040\000V\000e\000c\000t\000o\000r\000\040\000M\000a\000c\000h\000i\000n\000e}{subsection*.55}% 21
\BOOKMARK [3][]{subsubsection*.60}{\376\377\000M\000u\000l\000t\000i\000l\000a\000y\000e\000r\000\040\000P\000e\000r\000c\000e\000p\000t\000r\000o\000n}{subsection*.55}% 22
\BOOKMARK [3][]{subsubsection*.61}{\376\377\000O\000n\000e\000-\000D\000i\000m\000e\000n\000s\000i\000o\000n\000a\000l\000\040\000C\000o\000n\000v\000o\000l\000u\000t\000i\000o\000n\000a\000l\000\040\000N\000e\000u\000r\000a\000l\000\040\000N\000e\000t\000w\000o\000r\000k}{subsection*.55}% 23
\BOOKMARK [2][]{subsection*.78}{\376\377\000O\000p\000t\000i\000m\000i\000z\000e\000r\000-\000L\000e\000v\000e\000l\000\040\000P\000e\000r\000f\000o\000r\000m\000a\000n\000c\000e\000\040\000U\000n\000d\000e\000r\000\040\000E\000q\000u\000a\000l\000\040\000B\000u\000d\000g\000e\000t}{section*.51}% 24
\BOOKMARK [2][]{subsection*.81}{\376\377\000M\000o\000d\000e\000l\000-\000L\000e\000v\000e\000l\000\040\000A\000g\000g\000r\000e\000g\000a\000t\000i\000o\000n\000\040\000A\000c\000r\000o\000s\000s\000\040\000O\000p\000t\000i\000m\000i\000z\000e\000r\000s}{section*.51}% 25
\BOOKMARK [2][]{subsection*.88}{\376\377\000E\000x\000p\000l\000o\000r\000a\000t\000o\000r\000y\000\040\000T\000e\000m\000p\000o\000r\000a\000l\000\040\000C\000r\000o\000s\000s\000-\000V\000a\000l\000i\000d\000a\000t\000i\000o\000n\000\040\000\050\000E\000x\000p\000e\000r\000i\000m\000e\000n\000t\000\040\0003\000\051}{section*.51}% 26
\BOOKMARK [2][]{subsection*.91}{\376\377\000O\000b\000j\000e\000c\000t\000i\000v\000e\000\040\000C\000a\000l\000l\000s\000\040\000a\000n\000d\000\040\000T\000r\000a\000i\000n\000i\000n\000g\000\040\000E\000f\000f\000o\000r\000t}{section*.51}% 27
\BOOKMARK [2][]{subsection*.96}{\376\377\000E\000x\000p\000l\000o\000r\000a\000t\000o\000r\000y\000\040\000S\000t\000a\000t\000i\000s\000t\000i\000c\000a\000l\000\040\000E\000v\000i\000d\000e\000n\000c\000e}{section*.51}% 28
\BOOKMARK [2][]{subsection*.97}{\376\377\000E\000x\000p\000l\000o\000r\000a\000t\000o\000r\000y\000\040\000E\000c\000o\000n\000o\000m\000i\000c\000\040\000E\000v\000a\000l\000u\000a\000t\000i\000o\000n}{section*.51}% 29
\BOOKMARK [2][]{subsection*.102}{\376\377\000C\000o\000m\000p\000l\000e\000m\000e\000n\000t\000a\000r\000y\000\040\000B\000e\000n\000c\000h\000m\000a\000r\000k\000\040\000D\000i\000a\000g\000n\000o\000s\000t\000i\000c\000s}{section*.51}% 30
\BOOKMARK [1][]{section*.113}{\376\377\000D\000i\000s\000c\000u\000s\000s\000i\000o\000n}{}% 31
\BOOKMARK [2][]{subsection*.114}{\376\377\000L\000i\000m\000i\000t\000a\000t\000i\000o\000n\000s\000\040\000a\000n\000d\000\040\000R\000e\000s\000e\000a\000r\000c\000h\000\040\000A\000g\000e\000n\000d\000a}{section*.113}% 32
\BOOKMARK [1][]{section*.115}{\376\377\000C\000o\000n\000c\000l\000u\000s\000i\000o\000n}{}% 33
